Fri Sep  5 11:29:20 PDT 2014
;Sim_start : add to simulation model   
;$SIZES NO=500 LIM6=500
;Sim_end
$PROBLEM    Repeated Time To Event data,Constant Hazard
$INPUT      ID TIME DV DOSE ICL IV IKA TYPE SMAX SMXH THR CAV CAVH CON
            CNT=DROP CNT2=DROP CNT3=DROP HC=DROP HC2=DROP HC3=DROP FE
            EVID
;ETA1 ETA2 ETA3 ETA4
$DATA       data.csv IGNORE=@
;Sim_start : remove from simulation model   
            IGNORE=(TYPE.EQ.0)
;Sim_end
$SUBROUTINE ADVAN=6 TOL=9
$MODEL      COMP=(HAZARD)
$PK 
  
  CL  = ICL
  V   = IV
  KA  = IKA

  BASE= THETA(1)*EXP(ETA(1))

$DES 
  CP  =DOSE*KA/V/(-KA+CL/V)*(EXP(-KA*T)-EXP(-CL/V*T))   
  DADT(1)=BASE        ;hazard

$ERROR 
  CONC =DOSE*KA/V/(-KA+CL/V)*(EXP(-KA*TIME)-EXP(-CL/V*TIME)) 
;----------RTTE Model------------------------------
  IF(NEWIND.NE.2) OLDCHZ=0  ;reset the cumulative hazard
  CHZ = A(1)-OLDCHZ         ;cumulative hazard 
                            ;  from previous time point
                            ;  in data set
  OLDCHZ = A(1)             ;rename old cumulative hazard
  SUR = EXP(-CHZ)           ;survival probability

  HAZNOW=BASE               ; rate of event
                            ;  each time pt
                            ;  NB: update with each new model

  IF(DV.EQ.0)   Y=SUR         ;censored event (prob of survival)
  IF(DV.NE.0)   Y=SUR*HAZNOW  ;prob density function of event

  IF(ICALL.EQ.4) THEN ; for simulation
   CALL RANDOM (2,R)
   DV=0
   RTTE = 0
   IF(TIME.EQ.480) RTTE = 1 ; for the censored observation at 480 min
   IF(R.GT.SUR) THEN
      DV=1
      RTTE = 1
   ENDIF
  ENDIF

$THETA  (0,0.025) ; BASE
$OMEGA  0.09  ;   BSV-BASE
;Sim_start : add/remove for simulation
;$SIMULATION (5988566) (39978 UNIFORM) ONLYSIM NOPREDICTION SUB=100
$ESTIMATION MAXEVAL=9990 METHOD=1 LAPLACE LIKE PRINT=1 MSFO=msfb57
            SIGL=9 NSIG=3
$COVARIANCE PRINT=E
;Sim_end
$TABLE      ID TIME SUR DOSE EVID NOPRINT ONEHEADER FILE=sdtab57
$TABLE      ID ICL IV IKA NOPRINT ONEHEADER FILE=patab57
$TABLE      ID CAV CAVH CON NOPRINT ONEHEADER FILE=cotab57
$TABLE      ID TYPE SMAX SMXH THR FE NOPRINT ONEHEADER FILE=catab57


NM-TRAN MESSAGES
  
 WARNINGS AND ERRORS (IF ANY) FOR PROBLEM    1
             
 (WARNING  2) NM-TRAN INFERS THAT THE DATA ARE POPULATION.
             
 (WARNING  3) THERE MAY BE AN ERROR IN THE ABBREVIATED CODE. THE FOLLOWING
 ONE OR MORE RANDOM VARIABLES ARE DEFINED WITH "IF" STATEMENTS THAT DO NOT
 PROVIDE DEFINITIONS FOR BOTH THE "THEN" AND "ELSE" CASES. IF ALL
 CONDITIONS FAIL, THE VALUES OF THESE VARIABLES WILL BE ZERO.
  
   Y

             
 (WARNING  27) THE ABBREVIATED CODE CONTAINS A SIMULATION BLOCK BUT THERE IS
 NO $SIMULATION RECORD.

License Registered to: University of California, San Francisco
Expiration Date:    14 APR 2015
Current Date:        5 SEP 2014
Days until program expires : 224
1NONLINEAR MIXED EFFECTS MODEL PROGRAM (NONMEM) VERSION 7.3.0
 ORIGINALLY DEVELOPED BY STUART BEAL, LEWIS SHEINER, AND ALISON BOECKMANN
 CURRENT DEVELOPERS ARE ROBERT BAUER, ICON DEVELOPMENT SOLUTIONS,
 AND ALISON BOECKMANN. IMPLEMENTATION, EFFICIENCY, AND STANDARDIZATION
 PERFORMED BY NOUS INFOSYSTEMS.

 PROBLEM NO.:         1
 Repeated Time To Event data,Constant Hazard
0DATA CHECKOUT RUN:              NO
 DATA SET LOCATED ON UNIT NO.:    2
 THIS UNIT TO BE REWOUND:        NO
 NO. OF DATA RECS IN DATA SET:      451
 NO. OF DATA ITEMS IN DATA SET:  17
 ID DATA ITEM IS DATA ITEM NO.:   1
 DEP VARIABLE IS DATA ITEM NO.:   3
 MDV DATA ITEM IS DATA ITEM NO.: 17
0INDICES PASSED TO SUBROUTINE PRED:
  16   2   0   0   0   0   0   0   0   0   0
0LABELS FOR DATA ITEMS:
 ID TIME DV DOSE ICL IV IKA TYPE SMAX SMXH THR CAV CAVH CON FE EVID MDV
0(NONBLANK) LABELS FOR PRED-DEFINED ITEMS:
 SUR
0FORMAT FOR DATA:
 (E2.0,E3.0,E1.0,E3.0,E8.0,E6.0,E8.0,4E1.0,E10.0,2E9.0,2E1.0,1F2.0)

 TOT. NO. OF OBS RECS:      403
 TOT. NO. OF INDIVIDUALS:     48
0LENGTH OF THETA:   1
0DEFAULT THETA BOUNDARY TEST OMITTED:    NO
0OMEGA HAS SIMPLE DIAGONAL FORM WITH DIMENSION:   1
0DEFAULT OMEGA BOUNDARY TEST OMITTED:    NO
0INITIAL ESTIMATE OF THETA:
 LOWER BOUND    INITIAL EST    UPPER BOUND
  0.0000E+00     0.2500E-01     0.1000E+07
0INITIAL ESTIMATE OF OMEGA:
 0.9000E-01
0COVARIANCE STEP OMITTED:        NO
 EIGENVLS. PRINTED:             YES
 SPECIAL COMPUTATION:            NO
 COMPRESSED FORMAT:              NO
 SIGDIGITS ETAHAT (SIGLO):                  -1
 SIGDIGITS GRADIENTS (SIGL):                -1
 RELATIVE TOLERANCE (TOL):                  -1
 ABSOLUTE TOLERANCE-ADVAN 9,13 ONLY (ATOL): -1
 EXCLUDE COV FOR FOCE (NOFCOV):              NO
 RESUME COV ANALYSIS (RESUME):               NO
0TABLES STEP OMITTED:    NO
 NO. OF TABLES:           4
 SEED NUMBER (SEED):    11456
 RANMETHOD:
 MC SAMPLES (ESEED):    300
 WRES SQUARE ROOT TYPE:            EIGENVALUE
0-- TABLE   1 --
 PRINTED:                NO
 HEADER:                YES
 FILE TO BE FORWARDED:   NO
 FORMAT:                S1PE11.4
 LFORMAT:
 RFORMAT:
0USER-CHOSEN ITEMS:
 ID TIME SUR DOSE EVID
0-- TABLE   2 --
 PRINTED:                NO
 HEADER:                YES
 FILE TO BE FORWARDED:   NO
 FORMAT:                S1PE11.4
 LFORMAT:
 RFORMAT:
0USER-CHOSEN ITEMS:
 ID ICL IV IKA
0-- TABLE   3 --
 PRINTED:                NO
 HEADER:                YES
 FILE TO BE FORWARDED:   NO
 FORMAT:                S1PE11.4
 LFORMAT:
 RFORMAT:
0USER-CHOSEN ITEMS:
 ID CAV CAVH CON
0-- TABLE   4 --
 PRINTED:                NO
 HEADER:                YES
 FILE TO BE FORWARDED:   NO
 FORMAT:                S1PE11.4
 LFORMAT:
 RFORMAT:
0USER-CHOSEN ITEMS:
 ID TYPE SMAX SMXH THR FE
1DOUBLE PRECISION PREDPP VERSION 7.3.0

 GENERAL NONLINEAR KINETICS MODEL (ADVAN6)
0MODEL SUBROUTINE USER-SUPPLIED - ID NO. 9999
0MAXIMUM NO. OF BASIC PK PARAMETERS:   4
0COMPARTMENT ATTRIBUTES
 COMPT. NO.   FUNCTION   INITIAL    ON/OFF      DOSE      DEFAULT    DEFAULT
                         STATUS     ALLOWED    ALLOWED    FOR DOSE   FOR OBS.
    1         HAZARD       ON         YES        YES        YES        YES
    2         OUTPUT       OFF        YES        NO         NO         NO
0NRD VALUE FROM SUBROUTINE TOL:   9
1
 ADDITIONAL PK PARAMETERS - ASSIGNMENT OF ROWS IN GG
 COMPT. NO.                             INDICES
              SCALE      BIOAVAIL.   ZERO-ORDER  ZERO-ORDER  ABSORB
                         FRACTION    RATE        DURATION    LAG
    1            *           *           *           *           *
    2            *           -           -           -           -
             - PARAMETER IS NOT ALLOWED FOR THIS MODEL
             * PARAMETER IS NOT SUPPLIED BY PK SUBROUTINE;
               WILL DEFAULT TO ONE IF APPLICABLE
0DATA ITEM INDICES USED BY PRED ARE:
   EVENT ID DATA ITEM IS DATA ITEM NO.:     16
   TIME DATA ITEM IS DATA ITEM NO.:          2

0PK SUBROUTINE CALLED WITH EVERY EVENT RECORD.
 PK SUBROUTINE NOT CALLED AT NONEVENT (ADDITIONAL OR LAGGED) DOSE TIMES.
0ERROR SUBROUTINE CALLED WITH EVERY EVENT RECORD.
0ERROR SUBROUTINE INDICATES THAT DERIVATIVES OF COMPARTMENT AMOUNTS ARE USED.
0DES SUBROUTINE USES COMPACT STORAGE MODE.
1


 #TBLN:      1
 #METH: Laplacian Conditional Estimation

 ESTIMATION STEP OMITTED:                 NO  
 ANALYSIS TYPE:                           POPULATION
 CONDITIONAL ESTIMATES USED:              YES 
 CENTERED ETA:                            NO  
 EPS-ETA INTERACTION:                     NO  
 LAPLACIAN OBJ. FUNC.:                    YES 
 NUMERICAL 2ND DERIVATIVES:               NO  
 PRED F SET TO A LIKELIHOOD:              YES 
 NO. OF FUNCT. EVALS. ALLOWED:            9990
 NO. OF SIG. FIGURES REQUIRED:            3
 INTERMEDIATE PRINTOUT:                   YES 
 ESTIMATE OUTPUT TO MSF:                  YES 
 IND. OBJ. FUNC. VALUES SORTED:           NO  
 NUMERICAL DERIVATIVE 
       FILE REQUEST (NUMDER):             NONE
 MAP (ETAHAT) ESTIMATION METHOD (OPTMAP): 0           
 ETA HESSIAN EVALUATION METHOD (ETADER):  0           
 INITIAL ETA FOR MAP ESTIMATION (MCETA):  0           
 SIGDIGITS FOR MAP ESTIMATION (SIGLO):    9           
 GRADIENT SIGDIGITS OF 
       FIXED EFFECTS PARAMETERS (SIGL):   9           
 EXCLUDE TITLE (NOTITLE):                 NO 
 EXCLUDE COLUMN LABELS (NOLABEL):         NO 
 NOPRIOR SETTING (NOPRIOR):               OFF
 NOCOV SETTING (NOCOV):                   OFF
 DERCONT SETTING (DERCONT):               OFF
 ABSOLUTE TOLERANCE-ADVAN 9,13 ONLY(ATOL):-100        
 FINAL ETA RE-EVALUATION (FNLETA):        ON 
 EXCLUDE NON-INFLUENTIAL (NON-INFL.) ETAS 
       IN SHRINKAGE (ETASTYPE):           NO 
 NON-INFL. ETA CORRECTION (NONINFETA):    OFF
 FORMAT FOR ADDITIONAL FILES (FORMAT):    S1PE12.5
 PARAMETER ORDER FOR OUTPUTS (ORDER):     TSOL
 ADDITIONAL CONVERGENCE TEST (CTYPE=4)?:  NO
 EM OR BAYESIAN METHOD USED:                NONE


 THE FOLLOWING LABELS ARE EQUIVALENT
 PRED=NPRED
 RES=NRES
 WRES=NWRES
 IWRS=NIWRES
 IPRD=NIPRED
 IRS=NIRES

 MONITORING OF SEARCH:


0ITERATION NO.:    0    OBJECTIVE VALUE:   3714.83520506940        NO. OF FUNC. EVALS.:   3
 CUMULATIVE NO. OF FUNC. EVALS.:        3
 NPARAMETR:  2.5000E-02  9.0000E-02
 PARAMETER:  1.0000E-01  1.0000E-01
 GRADIENT:   2.4587E+02 -5.4546E+01

0ITERATION NO.:    1    OBJECTIVE VALUE:   3649.02939169741        NO. OF FUNC. EVALS.:   4
 CUMULATIVE NO. OF FUNC. EVALS.:        7
 NPARAMETR:  1.3720E-02  1.1745E-01
 PARAMETER: -5.0000E-01  2.3311E-01
 GRADIENT:  -1.8154E+01 -1.6244E+01

0ITERATION NO.:    2    OBJECTIVE VALUE:   3646.73960179392        NO. OF FUNC. EVALS.:   4
 CUMULATIVE NO. OF FUNC. EVALS.:       11
 NPARAMETR:  1.4443E-02  2.3636E-01
 PARAMETER: -4.4865E-01  5.8278E-01
 GRADIENT:   1.1363E+01  4.5733E+00

0ITERATION NO.:    3    OBJECTIVE VALUE:   3646.42702581715        NO. OF FUNC. EVALS.:   4
 CUMULATIVE NO. OF FUNC. EVALS.:       15
 NPARAMETR:  1.4149E-02  2.0318E-01
 PARAMETER: -4.6925E-01  5.0714E-01
 GRADIENT:   4.0584E+00 -5.8985E-01

0ITERATION NO.:    4    OBJECTIVE VALUE:   3646.38915686357        NO. OF FUNC. EVALS.:   4
 CUMULATIVE NO. OF FUNC. EVALS.:       19
 NPARAMETR:  1.3871E-02  2.0853E-01
 PARAMETER: -4.8911E-01  5.2014E-01
 GRADIENT:  -8.8770E-01 -4.6882E-01

0ITERATION NO.:    5    OBJECTIVE VALUE:   3646.38662333576        NO. OF FUNC. EVALS.:   4
 CUMULATIVE NO. OF FUNC. EVALS.:       23
 NPARAMETR:  1.3905E-02  2.1103E-01
 PARAMETER: -4.8663E-01  5.2609E-01
 GRADIENT:  -7.7672E-03 -6.6859E-03

0ITERATION NO.:    6    OBJECTIVE VALUE:   3646.38662333576        NO. OF FUNC. EVALS.:   3
 CUMULATIVE NO. OF FUNC. EVALS.:       26
 NPARAMETR:  1.3905E-02  2.1103E-01
 PARAMETER: -4.8663E-01  5.2609E-01
 GRADIENT:  -1.3202E-02 -6.6859E-03

0ITERATION NO.:    7    OBJECTIVE VALUE:   3646.38662333576        NO. OF FUNC. EVALS.:   2
 CUMULATIVE NO. OF FUNC. EVALS.:       28
 NPARAMETR:  1.3905E-02  2.1103E-01
 PARAMETER: -4.8663E-01  5.2609E-01
 GRADIENT:  -1.3202E-02 -6.6859E-03

 #TERM:
0MINIMIZATION SUCCESSFUL
 NO. OF FUNCTION EVALUATIONS USED:       28
 NO. OF SIG. DIGITS IN FINAL EST.:  3.8

 ETABAR IS THE ARITHMETIC MEAN OF THE ETA-ESTIMATES,
 AND THE P-VALUE IS GIVEN FOR THE NULL HYPOTHESIS THAT THE TRUE MEAN IS 0.

 ETABAR:         2.4857E-02
 SE:             5.0762E-02
 N:                      48

 P VAL.:         6.2437E-01

 ETAshrink(%):   2.2631E+01
 EBVshrink(%):   2.3306E+01
 EPSshrink(%):   1.0000E+02

 #TERE:
 Elapsed estimation time in seconds:     2.75
 Elapsed covariance time in seconds:     1.19
1
 
 
 
 
 
 
 
 
 
 
 
 
 
 
 
 
 
 
 
 
 ************************************************************************************************************************
 ********************                                                                                ********************
 ********************                         LAPLACIAN CONDITIONAL ESTIMATION                       ********************
 #OBJT:**************                       MINIMUM VALUE OF OBJECTIVE FUNCTION                      ********************
 ********************                                                                                ********************
 ************************************************************************************************************************
 





 #OBJV:********************************************     3646.387       **************************************************
1
 ************************************************************************************************************************
 ********************                                                                                ********************
 ********************                         LAPLACIAN CONDITIONAL ESTIMATION                       ********************
 ********************                             FINAL PARAMETER ESTIMATE                           ********************
 ********************                                                                                ********************
 ************************************************************************************************************************
 


 THETA - VECTOR OF FIXED EFFECTS PARAMETERS   *********


         TH 1     
 
         1.39E-02
 


 OMEGA - COV MATRIX FOR RANDOM EFFECTS - ETAS  ********


            ETA1   
 
 ETA1
+        2.11E-01
 
1


 OMEGA - CORR MATRIX FOR RANDOM EFFECTS - ETAS  *******


            ETA1   
 
 ETA1
+        4.59E-01
 
1
 ************************************************************************************************************************
 ********************                                                                                ********************
 ********************                         LAPLACIAN CONDITIONAL ESTIMATION                       ********************
 ********************                            STANDARD ERROR OF ESTIMATE                          ********************
 ********************                                                                                ********************
 ************************************************************************************************************************
 


 THETA - VECTOR OF FIXED EFFECTS PARAMETERS   *********


         TH 1     
 
         1.37E-03
 


 OMEGA - COV MATRIX FOR RANDOM EFFECTS - ETAS  ********


            ETA1   
 
 ETA1
+        7.50E-02
 
1


 OMEGA - CORR MATRIX FOR RANDOM EFFECTS - ETAS  *******


            ETA1   
 
 ETA1
+        8.17E-02
 
1
 ************************************************************************************************************************
 ********************                                                                                ********************
 ********************                         LAPLACIAN CONDITIONAL ESTIMATION                       ********************
 ********************                          COVARIANCE MATRIX OF ESTIMATE                         ********************
 ********************                                                                                ********************
 ************************************************************************************************************************
 

            TH 1      OM11  
 
 TH 1
+        1.87E-06
 
 OM11
+       -5.87E-05  5.63E-03
 
1
 ************************************************************************************************************************
 ********************                                                                                ********************
 ********************                         LAPLACIAN CONDITIONAL ESTIMATION                       ********************
 ********************                          CORRELATION MATRIX OF ESTIMATE                        ********************
 ********************                                                                                ********************
 ************************************************************************************************************************
 

            TH 1      OM11  
 
 TH 1
+        1.37E-03
 
 OM11
+       -5.72E-01  7.50E-02
 
1
 ************************************************************************************************************************
 ********************                                                                                ********************
 ********************                         LAPLACIAN CONDITIONAL ESTIMATION                       ********************
 ********************                      INVERSE COVARIANCE MATRIX OF ESTIMATE                     ********************
 ********************                                                                                ********************
 ************************************************************************************************************************
 

            TH 1      OM11  
 
 TH 1
+        7.96E+05
 
 OM11
+        8.30E+03  2.64E+02
 
1
 
 
 
 
 
 
 
 
 
 
 
 
 
 
 
 
 
 
 
 
 ************************************************************************************************************************
 ********************                                                                                ********************
 ********************                         LAPLACIAN CONDITIONAL ESTIMATION                       ********************
 ********************                      EIGENVALUES OF COR MATRIX OF ESTIMATE                     ********************
 ********************                                                                                ********************
 ************************************************************************************************************************
 

             1         2
 
         4.28E-01  1.57E+00
 
 #CPUT: Total CPU Time in Seconds,        4.103
Stop Time:
Fri Sep  5 11:29:27 PDT 2014
